[rosniper.com/index.html]
[backblue.gif]
[fade.gif]
[index.html]
[demo.webpixels.io/purpose-website-ui-kit-v2.0.1/assets/css/purpose.css]
[pro.fontawesome.com/releases/v5.2.0/css/all.css]
[rosniper.com/page.html]
[rosniper.com/logosnipe.png]
[rosniper.com/support.html]
[rbxstorm.com/assets/img/stickmasterluke.png]
[i.imgur.com/b9B9eOa.png]
[i.imgur.com/03PSDb5.png]
[i.imgur.com/wkQLoHJ.png]
[cdnjs.cloudflare.com/ajax/libs/materialize/1.0.0/js/materialize.min.js]
[demo.webpixels.io/purpose-website-ui-kit-v2.0.1/assets/js/purpose.js]
[demo.webpixels.io/purpose-website-ui-kit-v2.0.1/assets/js/purpose.core.js]
[demo.webpixels.io/purpose-website-ui-kit-v2.0.1/assets/js/demo.js]
[demo.webpixels.io/purpose-website-ui-kit-v2.0.1/assets/libs/swiper/dist/js/swiper.min.js]
[rosniper.com/index.html]
[demo.webpixels.io/purpose-website-ui-kit-v2.0.1/assets/css/purpose.css]
[pro.fontawesome.com/releases/v5.2.0/css/all.css]
[rosniper.com/page.html]
[rosniper.com/support.html]
[demo.webpixels.io/purpose-website-ui-kit-v2.0.1/assets/libs/typed.js/lib/typed.min.js]
